exports[`HomeRoute Component matches snapshot 1`] = `
<section
  className="HomeRoute">
  <h3>
    Home
  </h3>
  <p>
    This route is making an api request
  </p>
  <p>
    If you change the response from 
    <code>
      server/api/
    </code>
     endpoint
  </p>
  <p>
    And then navigate away and back to this route, you'll see the changes immediately
  </p>
  <div
    className="src-app-routes-HomeRoute-HomeRoute-module-block" />
</section>
`;
